Archive member included to satisfy reference by file (symbol)

c:/program files (x86)/atmel/studio/7.0/toolchain/avr8/avr8-gnu-toolchain/bin/../lib/gcc/avr/5.4.0/avr25\libgcc.a(_mulsi3.o)
                              Drivers/coil_driver.o (__mulsi3)
c:/program files (x86)/atmel/studio/7.0/toolchain/avr8/avr8-gnu-toolchain/bin/../lib/gcc/avr/5.4.0/avr25\libgcc.a(_udivmodhi4.o)
                              Drivers/inputs_driver.o (__udivmodhi4)
c:/program files (x86)/atmel/studio/7.0/toolchain/avr8/avr8-gnu-toolchain/bin/../lib/gcc/avr/5.4.0/avr25\libgcc.a(_udivmodsi4.o)
                              Drivers/coil_driver.o (__udivmodsi4)
c:/program files (x86)/atmel/studio/7.0/toolchain/avr8/avr8-gnu-toolchain/bin/../lib/gcc/avr/5.4.0/avr25\libgcc.a(_divmodsi4.o)
                              Drivers/coil_driver.o (__divmodsi4)
c:/program files (x86)/atmel/studio/7.0/toolchain/avr8/avr8-gnu-toolchain/bin/../lib/gcc/avr/5.4.0/avr25\libgcc.a(_negsi2.o)
                              c:/program files (x86)/atmel/studio/7.0/toolchain/avr8/avr8-gnu-toolchain/bin/../lib/gcc/avr/5.4.0/avr25\libgcc.a(_divmodsi4.o) (__negsi2)
c:/program files (x86)/atmel/studio/7.0/toolchain/avr8/avr8-gnu-toolchain/bin/../lib/gcc/avr/5.4.0/avr25\libgcc.a(_exit.o)
                              C:/Program Files (x86)/Atmel/Studio/7.0/Packs/atmel/ATtiny_DFP/1.8.332/gcc/dev/attiny88/avr25/crtattiny88.o (exit)
c:/program files (x86)/atmel/studio/7.0/toolchain/avr8/avr8-gnu-toolchain/bin/../lib/gcc/avr/5.4.0/avr25\libgcc.a(_clear_bss.o)
                              Drivers/coil_driver.o (__do_clear_bss)

Discarded input sections

 .data          0x00000000        0x0 C:/Program Files (x86)/Atmel/Studio/7.0/Packs/atmel/ATtiny_DFP/1.8.332/gcc/dev/attiny88/avr25/crtattiny88.o
 .bss           0x00000000        0x0 C:/Program Files (x86)/Atmel/Studio/7.0/Packs/atmel/ATtiny_DFP/1.8.332/gcc/dev/attiny88/avr25/crtattiny88.o
 .text          0x00000000        0x0 Drivers/coil_driver.o
 .data          0x00000000        0x0 Drivers/coil_driver.o
 .bss           0x00000000        0x0 Drivers/coil_driver.o
 .text          0x00000000        0x0 Drivers/display_driver.o
 .data          0x00000000        0x0 Drivers/display_driver.o
 .bss           0x00000000        0x0 Drivers/display_driver.o
 .text.DSPDRV_SetDisplayBW
                0x00000000        0x8 Drivers/display_driver.o
 .text          0x00000000        0x0 Drivers/inputs_driver.o
 .data          0x00000000        0x0 Drivers/inputs_driver.o
 .bss           0x00000000        0x0 Drivers/inputs_driver.o
 .avr.prop      0x00000000       0x16 Drivers/inputs_driver.o
 .text          0x00000000        0x0 Drivers/udccd_hal.o
 .data          0x00000000        0x0 Drivers/udccd_hal.o
 .bss           0x00000000        0x0 Drivers/udccd_hal.o
 .text.HAL_InitSystick
                0x00000000       0x16 Drivers/udccd_hal.o
 .text.HAL_InitWatchdog
                0x00000000       0x12 Drivers/udccd_hal.o
 .text.HAL_InitBootstraps
                0x00000000       0x12 Drivers/udccd_hal.o
 .text.HAL_DeInitBootstraps
                0x00000000        0x8 Drivers/udccd_hal.o
 .text.HAL_WakeADC
                0x00000000       0x16 Drivers/udccd_hal.o
 .text.HAL_SleepADC
                0x00000000       0x1e Drivers/udccd_hal.o
 .text.HAL_DisableDCCDch
                0x00000000        0xe Drivers/udccd_hal.o
 .text.HAL_ReducePower
                0x00000000        0x8 Drivers/udccd_hal.o
 .text.HAL_ResetWatchdog
                0x00000000        0x2 Drivers/udccd_hal.o
 .text.HAL_LatchBootstraps
                0x00000000       0x48 Drivers/udccd_hal.o
 .text.HAL_GetBootstrap
                0x00000000       0x36 Drivers/udccd_hal.o
 .bss.bootstraps
                0x00000000        0x1 Drivers/udccd_hal.o
 .avr.prop      0x00000000       0x28 Drivers/udccd_hal.o
 .text          0x00000000        0x0 main.o
 .data          0x00000000        0x0 main.o
 .bss           0x00000000        0x0 main.o
 .text          0x00000000        0x0 c:/program files (x86)/atmel/studio/7.0/toolchain/avr8/avr8-gnu-toolchain/bin/../lib/gcc/avr/5.4.0/avr25\libgcc.a(_mulsi3.o)
 .data          0x00000000        0x0 c:/program files (x86)/atmel/studio/7.0/toolchain/avr8/avr8-gnu-toolchain/bin/../lib/gcc/avr/5.4.0/avr25\libgcc.a(_mulsi3.o)
 .bss           0x00000000        0x0 c:/program files (x86)/atmel/studio/7.0/toolchain/avr8/avr8-gnu-toolchain/bin/../lib/gcc/avr/5.4.0/avr25\libgcc.a(_mulsi3.o)
 .text.libgcc.div
                0x00000000        0x0 c:/program files (x86)/atmel/studio/7.0/toolchain/avr8/avr8-gnu-toolchain/bin/../lib/gcc/avr/5.4.0/avr25\libgcc.a(_mulsi3.o)
 .text.libgcc   0x00000000        0x0 c:/program files (x86)/atmel/studio/7.0/toolchain/avr8/avr8-gnu-toolchain/bin/../lib/gcc/avr/5.4.0/avr25\libgcc.a(_mulsi3.o)
 .text.libgcc.prologue
                0x00000000        0x0 c:/program files (x86)/atmel/studio/7.0/toolchain/avr8/avr8-gnu-toolchain/bin/../lib/gcc/avr/5.4.0/avr25\libgcc.a(_mulsi3.o)
 .text.libgcc.builtins
                0x00000000        0x0 c:/program files (x86)/atmel/studio/7.0/toolchain/avr8/avr8-gnu-toolchain/bin/../lib/gcc/avr/5.4.0/avr25\libgcc.a(_mulsi3.o)
 .text.libgcc.fmul
                0x00000000        0x0 c:/program files (x86)/atmel/studio/7.0/toolchain/avr8/avr8-gnu-toolchain/bin/../lib/gcc/avr/5.4.0/avr25\libgcc.a(_mulsi3.o)
 .text.libgcc.fixed
                0x00000000        0x0 c:/program files (x86)/atmel/studio/7.0/toolchain/avr8/avr8-gnu-toolchain/bin/../lib/gcc/avr/5.4.0/avr25\libgcc.a(_mulsi3.o)
 .text          0x00000000        0x0 c:/program files (x86)/atmel/studio/7.0/toolchain/avr8/avr8-gnu-toolchain/bin/../lib/gcc/avr/5.4.0/avr25\libgcc.a(_udivmodhi4.o)
 .data          0x00000000        0x0 c:/program files (x86)/atmel/studio/7.0/toolchain/avr8/avr8-gnu-toolchain/bin/../lib/gcc/avr/5.4.0/avr25\libgcc.a(_udivmodhi4.o)
 .bss           0x00000000        0x0 c:/program files (x86)/atmel/studio/7.0/toolchain/avr8/avr8-gnu-toolchain/bin/../lib/gcc/avr/5.4.0/avr25\libgcc.a(_udivmodhi4.o)
 .text.libgcc.mul
                0x00000000        0x0 c:/program files (x86)/atmel/studio/7.0/toolchain/avr8/avr8-gnu-toolchain/bin/../lib/gcc/avr/5.4.0/avr25\libgcc.a(_udivmodhi4.o)
 .text.libgcc   0x00000000        0x0 c:/program files (x86)/atmel/studio/7.0/toolchain/avr8/avr8-gnu-toolchain/bin/../lib/gcc/avr/5.4.0/avr25\libgcc.a(_udivmodhi4.o)
 .text.libgcc.prologue
                0x00000000        0x0 c:/program files (x86)/atmel/studio/7.0/toolchain/avr8/avr8-gnu-toolchain/bin/../lib/gcc/avr/5.4.0/avr25\libgcc.a(_udivmodhi4.o)
 .text.libgcc.builtins
                0x00000000        0x0 c:/program files (x86)/atmel/studio/7.0/toolchain/avr8/avr8-gnu-toolchain/bin/../lib/gcc/avr/5.4.0/avr25\libgcc.a(_udivmodhi4.o)
 .text.libgcc.fmul
                0x00000000        0x0 c:/program files (x86)/atmel/studio/7.0/toolchain/avr8/avr8-gnu-toolchain/bin/../lib/gcc/avr/5.4.0/avr25\libgcc.a(_udivmodhi4.o)
 .text.libgcc.fixed
                0x00000000        0x0 c:/program files (x86)/atmel/studio/7.0/toolchain/avr8/avr8-gnu-toolchain/bin/../lib/gcc/avr/5.4.0/avr25\libgcc.a(_udivmodhi4.o)
 .text          0x00000000        0x0 c:/program files (x86)/atmel/studio/7.0/toolchain/avr8/avr8-gnu-toolchain/bin/../lib/gcc/avr/5.4.0/avr25\libgcc.a(_udivmodsi4.o)
 .data          0x00000000        0x0 c:/program files (x86)/atmel/studio/7.0/toolchain/avr8/avr8-gnu-toolchain/bin/../lib/gcc/avr/5.4.0/avr25\libgcc.a(_udivmodsi4.o)
 .bss           0x00000000        0x0 c:/program files (x86)/atmel/studio/7.0/toolchain/avr8/avr8-gnu-toolchain/bin/../lib/gcc/avr/5.4.0/avr25\libgcc.a(_udivmodsi4.o)
 .text.libgcc.mul
                0x00000000        0x0 c:/program files (x86)/atmel/studio/7.0/toolchain/avr8/avr8-gnu-toolchain/bin/../lib/gcc/avr/5.4.0/avr25\libgcc.a(_udivmodsi4.o)
 .text.libgcc   0x00000000        0x0 c:/program files (x86)/atmel/studio/7.0/toolchain/avr8/avr8-gnu-toolchain/bin/../lib/gcc/avr/5.4.0/avr25\libgcc.a(_udivmodsi4.o)
 .text.libgcc.prologue
                0x00000000        0x0 c:/program files (x86)/atmel/studio/7.0/toolchain/avr8/avr8-gnu-toolchain/bin/../lib/gcc/avr/5.4.0/avr25\libgcc.a(_udivmodsi4.o)
 .text.libgcc.builtins
                0x00000000        0x0 c:/program files (x86)/atmel/studio/7.0/toolchain/avr8/avr8-gnu-toolchain/bin/../lib/gcc/avr/5.4.0/avr25\libgcc.a(_udivmodsi4.o)
 .text.libgcc.fmul
                0x00000000        0x0 c:/program files (x86)/atmel/studio/7.0/toolchain/avr8/avr8-gnu-toolchain/bin/../lib/gcc/avr/5.4.0/avr25\libgcc.a(_udivmodsi4.o)
 .text.libgcc.fixed
                0x00000000        0x0 c:/program files (x86)/atmel/studio/7.0/toolchain/avr8/avr8-gnu-toolchain/bin/../lib/gcc/avr/5.4.0/avr25\libgcc.a(_udivmodsi4.o)
 .text          0x00000000        0x0 c:/program files (x86)/atmel/studio/7.0/toolchain/avr8/avr8-gnu-toolchain/bin/../lib/gcc/avr/5.4.0/avr25\libgcc.a(_divmodsi4.o)
 .data          0x00000000        0x0 c:/program files (x86)/atmel/studio/7.0/toolchain/avr8/avr8-gnu-toolchain/bin/../lib/gcc/avr/5.4.0/avr25\libgcc.a(_divmodsi4.o)
 .bss           0x00000000        0x0 c:/program files (x86)/atmel/studio/7.0/toolchain/avr8/avr8-gnu-toolchain/bin/../lib/gcc/avr/5.4.0/avr25\libgcc.a(_divmodsi4.o)
 .text.libgcc.mul
                0x00000000        0x0 c:/program files (x86)/atmel/studio/7.0/toolchain/avr8/avr8-gnu-toolchain/bin/../lib/gcc/avr/5.4.0/avr25\libgcc.a(_divmodsi4.o)
 .text.libgcc   0x00000000        0x0 c:/program files (x86)/atmel/studio/7.0/toolchain/avr8/avr8-gnu-toolchain/bin/../lib/gcc/avr/5.4.0/avr25\libgcc.a(_divmodsi4.o)
 .text.libgcc.prologue
                0x00000000        0x0 c:/program files (x86)/atmel/studio/7.0/toolchain/avr8/avr8-gnu-toolchain/bin/../lib/gcc/avr/5.4.0/avr25\libgcc.a(_divmodsi4.o)
 .text.libgcc.builtins
                0x00000000        0x0 c:/program files (x86)/atmel/studio/7.0/toolchain/avr8/avr8-gnu-toolchain/bin/../lib/gcc/avr/5.4.0/avr25\libgcc.a(_divmodsi4.o)
 .text.libgcc.fmul
                0x00000000        0x0 c:/program files (x86)/atmel/studio/7.0/toolchain/avr8/avr8-gnu-toolchain/bin/../lib/gcc/avr/5.4.0/avr25\libgcc.a(_divmodsi4.o)
 .text.libgcc.fixed
                0x00000000        0x0 c:/program files (x86)/atmel/studio/7.0/toolchain/avr8/avr8-gnu-toolchain/bin/../lib/gcc/avr/5.4.0/avr25\libgcc.a(_divmodsi4.o)
 .text          0x00000000        0x0 c:/program files (x86)/atmel/studio/7.0/toolchain/avr8/avr8-gnu-toolchain/bin/../lib/gcc/avr/5.4.0/avr25\libgcc.a(_negsi2.o)
 .data          0x00000000        0x0 c:/program files (x86)/atmel/studio/7.0/toolchain/avr8/avr8-gnu-toolchain/bin/../lib/gcc/avr/5.4.0/avr25\libgcc.a(_negsi2.o)
 .bss           0x00000000        0x0 c:/program files (x86)/atmel/studio/7.0/toolchain/avr8/avr8-gnu-toolchain/bin/../lib/gcc/avr/5.4.0/avr25\libgcc.a(_negsi2.o)
 .text.libgcc.mul
                0x00000000        0x0 c:/program files (x86)/atmel/studio/7.0/toolchain/avr8/avr8-gnu-toolchain/bin/../lib/gcc/avr/5.4.0/avr25\libgcc.a(_negsi2.o)
 .text.libgcc   0x00000000        0x0 c:/program files (x86)/atmel/studio/7.0/toolchain/avr8/avr8-gnu-toolchain/bin/../lib/gcc/avr/5.4.0/avr25\libgcc.a(_negsi2.o)
 .text.libgcc.prologue
                0x00000000        0x0 c:/program files (x86)/atmel/studio/7.0/toolchain/avr8/avr8-gnu-toolchain/bin/../lib/gcc/avr/5.4.0/avr25\libgcc.a(_negsi2.o)
 .text.libgcc.builtins
                0x00000000        0x0 c:/program files (x86)/atmel/studio/7.0/toolchain/avr8/avr8-gnu-toolchain/bin/../lib/gcc/avr/5.4.0/avr25\libgcc.a(_negsi2.o)
 .text.libgcc.fmul
                0x00000000        0x0 c:/program files (x86)/atmel/studio/7.0/toolchain/avr8/avr8-gnu-toolchain/bin/../lib/gcc/avr/5.4.0/avr25\libgcc.a(_negsi2.o)
 .text.libgcc.fixed
                0x00000000        0x0 c:/program files (x86)/atmel/studio/7.0/toolchain/avr8/avr8-gnu-toolchain/bin/../lib/gcc/avr/5.4.0/avr25\libgcc.a(_negsi2.o)
 .text          0x00000000        0x0 c:/program files (x86)/atmel/studio/7.0/toolchain/avr8/avr8-gnu-toolchain/bin/../lib/gcc/avr/5.4.0/avr25\libgcc.a(_exit.o)
 .data          0x00000000        0x0 c:/program files (x86)/atmel/studio/7.0/toolchain/avr8/avr8-gnu-toolchain/bin/../lib/gcc/avr/5.4.0/avr25\libgcc.a(_exit.o)
 .bss           0x00000000        0x0 c:/program files (x86)/atmel/studio/7.0/toolchain/avr8/avr8-gnu-toolchain/bin/../lib/gcc/avr/5.4.0/avr25\libgcc.a(_exit.o)
 .text.libgcc.mul
                0x00000000        0x0 c:/program files (x86)/atmel/studio/7.0/toolchain/avr8/avr8-gnu-toolchain/bin/../lib/gcc/avr/5.4.0/avr25\libgcc.a(_exit.o)
 .text.libgcc.div
                0x00000000        0x0 c:/program files (x86)/atmel/studio/7.0/toolchain/avr8/avr8-gnu-toolchain/bin/../lib/gcc/avr/5.4.0/avr25\libgcc.a(_exit.o)
 .text.libgcc   0x00000000        0x0 c:/program files (x86)/atmel/studio/7.0/toolchain/avr8/avr8-gnu-toolchain/bin/../lib/gcc/avr/5.4.0/avr25\libgcc.a(_exit.o)
 .text.libgcc.prologue
                0x00000000        0x0 c:/program files (x86)/atmel/studio/7.0/toolchain/avr8/avr8-gnu-toolchain/bin/../lib/gcc/avr/5.4.0/avr25\libgcc.a(_exit.o)
 .text.libgcc.builtins
                0x00000000        0x0 c:/program files (x86)/atmel/studio/7.0/toolchain/avr8/avr8-gnu-toolchain/bin/../lib/gcc/avr/5.4.0/avr25\libgcc.a(_exit.o)
 .text.libgcc.fmul
                0x00000000        0x0 c:/program files (x86)/atmel/studio/7.0/toolchain/avr8/avr8-gnu-toolchain/bin/../lib/gcc/avr/5.4.0/avr25\libgcc.a(_exit.o)
 .text.libgcc.fixed
                0x00000000        0x0 c:/program files (x86)/atmel/studio/7.0/toolchain/avr8/avr8-gnu-toolchain/bin/../lib/gcc/avr/5.4.0/avr25\libgcc.a(_exit.o)
 .text          0x00000000        0x0 c:/program files (x86)/atmel/studio/7.0/toolchain/avr8/avr8-gnu-toolchain/bin/../lib/gcc/avr/5.4.0/avr25\libgcc.a(_clear_bss.o)
 .data          0x00000000        0x0 c:/program files (x86)/atmel/studio/7.0/toolchain/avr8/avr8-gnu-toolchain/bin/../lib/gcc/avr/5.4.0/avr25\libgcc.a(_clear_bss.o)
 .bss           0x00000000        0x0 c:/program files (x86)/atmel/studio/7.0/toolchain/avr8/avr8-gnu-toolchain/bin/../lib/gcc/avr/5.4.0/avr25\libgcc.a(_clear_bss.o)
 .text.libgcc.mul
                0x00000000        0x0 c:/program files (x86)/atmel/studio/7.0/toolchain/avr8/avr8-gnu-toolchain/bin/../lib/gcc/avr/5.4.0/avr25\libgcc.a(_clear_bss.o)
 .text.libgcc.div
                0x00000000        0x0 c:/program files (x86)/atmel/studio/7.0/toolchain/avr8/avr8-gnu-toolchain/bin/../lib/gcc/avr/5.4.0/avr25\libgcc.a(_clear_bss.o)
 .text.libgcc   0x00000000        0x0 c:/program files (x86)/atmel/studio/7.0/toolchain/avr8/avr8-gnu-toolchain/bin/../lib/gcc/avr/5.4.0/avr25\libgcc.a(_clear_bss.o)
 .text.libgcc.prologue
                0x00000000        0x0 c:/program files (x86)/atmel/studio/7.0/toolchain/avr8/avr8-gnu-toolchain/bin/../lib/gcc/avr/5.4.0/avr25\libgcc.a(_clear_bss.o)
 .text.libgcc.builtins
                0x00000000        0x0 c:/program files (x86)/atmel/studio/7.0/toolchain/avr8/avr8-gnu-toolchain/bin/../lib/gcc/avr/5.4.0/avr25\libgcc.a(_clear_bss.o)
 .text.libgcc.fmul
                0x00000000        0x0 c:/program files (x86)/atmel/studio/7.0/toolchain/avr8/avr8-gnu-toolchain/bin/../lib/gcc/avr/5.4.0/avr25\libgcc.a(_clear_bss.o)
 .text.libgcc.fixed
                0x00000000        0x0 c:/program files (x86)/atmel/studio/7.0/toolchain/avr8/avr8-gnu-toolchain/bin/../lib/gcc/avr/5.4.0/avr25\libgcc.a(_clear_bss.o)

Memory Configuration

Name             Origin             Length             Attributes
text             0x00000000         0x00002000         xr
data             0x00800100         0x00000200         rw !x
eeprom           0x00810000         0x00000040         rw !x
fuse             0x00820000         0x00000003         rw !x
lock             0x00830000         0x00000400         rw !x
signature        0x00840000         0x00000400         rw !x
user_signatures  0x00850000         0x00000400         rw !x
*default*        0x00000000         0xffffffff

Linker script and memory map

Address of section .data set to 0x800100
LOAD C:/Program Files (x86)/Atmel/Studio/7.0/Packs/atmel/ATtiny_DFP/1.8.332/gcc/dev/attiny88/avr25/crtattiny88.o
LOAD Drivers/coil_driver.o
LOAD Drivers/display_driver.o
LOAD Drivers/inputs_driver.o
LOAD Drivers/udccd_hal.o
LOAD main.o
START GROUP
LOAD c:/program files (x86)/atmel/studio/7.0/toolchain/avr8/avr8-gnu-toolchain/bin/../lib/gcc/avr/5.4.0/../../../../avr/lib/avr25\libm.a
END GROUP
START GROUP
LOAD c:/program files (x86)/atmel/studio/7.0/toolchain/avr8/avr8-gnu-toolchain/bin/../lib/gcc/avr/5.4.0/avr25\libgcc.a
LOAD c:/program files (x86)/atmel/studio/7.0/toolchain/avr8/avr8-gnu-toolchain/bin/../lib/gcc/avr/5.4.0/../../../../avr/lib/avr25\libm.a
LOAD c:/program files (x86)/atmel/studio/7.0/toolchain/avr8/avr8-gnu-toolchain/bin/../lib/gcc/avr/5.4.0/../../../../avr/lib/avr25\libc.a
LOAD C:/Program Files (x86)/Atmel/Studio/7.0/Packs/atmel/ATtiny_DFP/1.8.332/gcc/dev/attiny88/avr25\libattiny88.a
END GROUP
                0x00000000                __TEXT_REGION_ORIGIN__ = DEFINED (__TEXT_REGION_ORIGIN__)?__TEXT_REGION_ORIGIN__:0x0
                [0x00800100]                __DATA_REGION_ORIGIN__ = DEFINED (__DATA_REGION_ORIGIN__)?__DATA_REGION_ORIGIN__:0x800060
                [0x00002000]                __TEXT_REGION_LENGTH__ = DEFINED (__TEXT_REGION_LENGTH__)?__TEXT_REGION_LENGTH__:0x2000
                [0x00000200]                __DATA_REGION_LENGTH__ = DEFINED (__DATA_REGION_LENGTH__)?__DATA_REGION_LENGTH__:0xffa0
                [0x00000040]                __EEPROM_REGION_LENGTH__ = DEFINED (__EEPROM_REGION_LENGTH__)?__EEPROM_REGION_LENGTH__:0x10000
                [0x00000003]                __FUSE_REGION_LENGTH__ = DEFINED (__FUSE_REGION_LENGTH__)?__FUSE_REGION_LENGTH__:0x400
                0x00000400                __LOCK_REGION_LENGTH__ = DEFINED (__LOCK_REGION_LENGTH__)?__LOCK_REGION_LENGTH__:0x400
                0x00000400                __SIGNATURE_REGION_LENGTH__ = DEFINED (__SIGNATURE_REGION_LENGTH__)?__SIGNATURE_REGION_LENGTH__:0x400
                0x00000400                __USER_SIGNATURE_REGION_LENGTH__ = DEFINED (__USER_SIGNATURE_REGION_LENGTH__)?__USER_SIGNATURE_REGION_LENGTH__:0x400

.hash
 *(.hash)

.dynsym
 *(.dynsym)

.dynstr
 *(.dynstr)

.gnu.version
 *(.gnu.version)

.gnu.version_d
 *(.gnu.version_d)

.gnu.version_r
 *(.gnu.version_r)

.rel.init
 *(.rel.init)

.rela.init
 *(.rela.init)

.rel.text
 *(.rel.text)
 *(.rel.text.*)
 *(.rel.gnu.linkonce.t*)

.rela.text
 *(.rela.text)
 *(.rela.text.*)
 *(.rela.gnu.linkonce.t*)

.rel.fini
 *(.rel.fini)

.rela.fini
 *(.rela.fini)

.rel.rodata
 *(.rel.rodata)
 *(.rel.rodata.*)
 *(.rel.gnu.linkonce.r*)

.rela.rodata
 *(.rela.rodata)
 *(.rela.rodata.*)
 *(.rela.gnu.linkonce.r*)

.rel.data
 *(.rel.data)
 *(.rel.data.*)
 *(.rel.gnu.linkonce.d*)

.rela.data
 *(.rela.data)
 *(.rela.data.*)
 *(.rela.gnu.linkonce.d*)

.rel.ctors
 *(.rel.ctors)

.rela.ctors
 *(.rela.ctors)

.rel.dtors
 *(.rel.dtors)

.rela.dtors
 *(.rela.dtors)

.rel.got
 *(.rel.got)

.rela.got
 *(.rela.got)

.rel.bss
 *(.rel.bss)

.rela.bss
 *(.rela.bss)

.rel.plt
 *(.rel.plt)

.rela.plt
 *(.rela.plt)

.text           0x00000000     0x10fc
 *(.vectors)
 .vectors       0x00000000       0x28 C:/Program Files (x86)/Atmel/Studio/7.0/Packs/atmel/ATtiny_DFP/1.8.332/gcc/dev/attiny88/avr25/crtattiny88.o
                0x00000000                __vector_default
                0x00000000                __vectors
 *(.vectors)
 *(.progmem.gcc*)
 .progmem.gcc_sw_table.INDRV_ResetChangeFlag
                0x00000028        0xe Drivers/inputs_driver.o
 .progmem.gcc_sw_table.HAL_ADCRead
                0x00000036       0x12 Drivers/udccd_hal.o
 .progmem.gcc_sw_table.HAL_GPIORead
                0x00000048       0x12 Drivers/udccd_hal.o
                0x0000005a                . = ALIGN (0x2)
                0x0000005a                __trampolines_start = .
 *(.trampolines)
 .trampolines   0x0000005a        0x0 linker stubs
 *(.trampolines*)
                0x0000005a                __trampolines_end = .
 *libprintf_flt.a:*(.progmem.data)
 *libc.a:*(.progmem.data)
 *(.progmem*)
                0x0000005a                . = ALIGN (0x2)
 *(.jumptables)
 *(.jumptables*)
 *(.lowtext)
 *(.lowtext*)
                0x0000005a                __ctors_start = .
 *(.ctors)
                0x0000005a                __ctors_end = .
                0x0000005a                __dtors_start = .
 *(.dtors)
                0x0000005a                __dtors_end = .
 SORT(*)(.ctors)
 SORT(*)(.dtors)
 *(.init0)
 .init0         0x0000005a        0x0 C:/Program Files (x86)/Atmel/Studio/7.0/Packs/atmel/ATtiny_DFP/1.8.332/gcc/dev/attiny88/avr25/crtattiny88.o
                0x0000005a                __init
 *(.init0)
 *(.init1)
 *(.init1)
 *(.init2)
 .init2         0x0000005a        0xc C:/Program Files (x86)/Atmel/Studio/7.0/Packs/atmel/ATtiny_DFP/1.8.332/gcc/dev/attiny88/avr25/crtattiny88.o
 *(.init2)
 *(.init3)
 *(.init3)
 *(.init4)
 .init4         0x00000066       0x10 c:/program files (x86)/atmel/studio/7.0/toolchain/avr8/avr8-gnu-toolchain/bin/../lib/gcc/avr/5.4.0/avr25\libgcc.a(_clear_bss.o)
                0x00000066                __do_clear_bss
 *(.init4)
 *(.init5)
 *(.init5)
 *(.init6)
 *(.init6)
 *(.init7)
 *(.init7)
 *(.init8)
 *(.init8)
 *(.init9)
 .init9         0x00000076        0x4 C:/Program Files (x86)/Atmel/Studio/7.0/Packs/atmel/ATtiny_DFP/1.8.332/gcc/dev/attiny88/avr25/crtattiny88.o
 *(.init9)
 *(.text)
 .text          0x0000007a        0x2 C:/Program Files (x86)/Atmel/Studio/7.0/Packs/atmel/ATtiny_DFP/1.8.332/gcc/dev/attiny88/avr25/crtattiny88.o
                0x0000007a                __vector_1
                0x0000007a                __vector_12
                0x0000007a                __bad_interrupt
                0x0000007a                __vector_6
                0x0000007a                __vector_3
                0x0000007a                __vector_11
                0x0000007a                __vector_13
                0x0000007a                __vector_17
                0x0000007a                __vector_19
                0x0000007a                __vector_7
                0x0000007a                __vector_5
                0x0000007a                __vector_4
                0x0000007a                __vector_9
                0x0000007a                __vector_2
                0x0000007a                __vector_15
                0x0000007a                __vector_8
                0x0000007a                __vector_14
                0x0000007a                __vector_10
                0x0000007a                __vector_16
                0x0000007a                __vector_18
                0x0000007c                . = ALIGN (0x2)
 *(.text.*)
 .text.COILDRV_Init
                0x0000007c       0x6e Drivers/coil_driver.o
                0x0000007c                COILDRV_Init
 .text.COILDRV_SetTarget
                0x000000ea       0x34 Drivers/coil_driver.o
                0x000000ea                COILDRV_SetTarget
 .text.COILDRV_UpdateMeasurments
                0x0000011e       0x12 Drivers/coil_driver.o
                0x0000011e                COILDRV_UpdateMeasurments
 .text.Process_Faults
                0x00000130       0x42 Drivers/coil_driver.o
                0x00000130                Process_Faults
 .text.PID_Reset
                0x00000172       0x14 Drivers/coil_driver.o
                0x00000172                PID_Reset
 .text.OutputVoltageToPWM
                0x00000186      0x10e Drivers/coil_driver.o
                0x00000186                OutputVoltageToPWM
 .text.SaturatedAdd_s32
                0x00000294       0x78 Drivers/coil_driver.o
                0x00000294                SaturatedAdd_s32
 .text.SaturatedSub_s32
                0x0000030c       0x80 Drivers/coil_driver.o
                0x0000030c                SaturatedSub_s32
 .text.PID_Controller
                0x0000038c      0x128 Drivers/coil_driver.o
                0x0000038c                PID_Controller
 .text.PercentOfValue_u16
                0x000004b4       0x2e Drivers/coil_driver.o
                0x000004b4                PercentOfValue_u16
 .text.Get_Warnings
                0x000004e2       0xd4 Drivers/coil_driver.o
                0x000004e2                Get_Warnings
 .text.COILDRV_Process
                0x000005b6       0x98 Drivers/coil_driver.o
                0x000005b6                COILDRV_Process
 .text.DSPDRV_Init
                0x0000064e       0x12 Drivers/display_driver.o
                0x0000064e                DSPDRV_Init
 .text.DSPDRV_SetDisplayVal
                0x00000660       0xb8 Drivers/display_driver.o
                0x00000660                DSPDRV_SetDisplayVal
 .text.DSPDRV_RefreshDisplay
                0x00000718        0x8 Drivers/display_driver.o
                0x00000718                DSPDRV_RefreshDisplay
 .text.DSPDRV_SetDisplayBrightness
                0x00000720        0x8 Drivers/display_driver.o
                0x00000720                DSPDRV_SetDisplayBrightness
 .text.INDRV_Init
                0x00000728       0xf0 Drivers/inputs_driver.o
                0x00000728                INDRV_Init
 .text.INDRV_GetAnalog
                0x00000818       0x5e Drivers/inputs_driver.o
                0x00000818                INDRV_GetAnalog
 .text.INDRV_GetInputState
                0x00000876       0x44 Drivers/inputs_driver.o
                0x00000876                INDRV_GetInputState
 .text.INDRV_GetInputChange
                0x000008ba       0x44 Drivers/inputs_driver.o
                0x000008ba                INDRV_GetInputChange
 .text.INDRV_ResetChangeFlag
                0x000008fe       0x4e Drivers/inputs_driver.o
                0x000008fe                INDRV_ResetChangeFlag
 .text.ReadAllAnalog
                0x0000094c       0xca Drivers/inputs_driver.o
                0x0000094c                ReadAllAnalog
 .text.DoDebounce
                0x00000a16       0x2e Drivers/inputs_driver.o
                0x00000a16                DoDebounce
 .text.ReadAllDigital
                0x00000a44       0x66 Drivers/inputs_driver.o
                0x00000a44                ReadAllDigital
 .text.INDRV_ReadAll
                0x00000aaa        0x6 Drivers/inputs_driver.o
                0x00000aaa                INDRV_ReadAll
 .text.InvertDIN
                0x00000ab0        0xc Drivers/udccd_hal.o
 .text.SetOutputCompare
                0x00000abc       0x3a Drivers/udccd_hal.o
 .text.HAL_InitInputs
                0x00000af6       0xa4 Drivers/udccd_hal.o
                0x00000af6                HAL_InitInputs
 .text.HAL_InitOutputs
                0x00000b9a       0x68 Drivers/udccd_hal.o
                0x00000b9a                HAL_InitOutputs
 .text.HAL_ADCRead
                0x00000c02       0x78 Drivers/udccd_hal.o
                0x00000c02                HAL_ADCRead
 .text.HAL_GPIORead
                0x00000c7a       0x7c Drivers/udccd_hal.o
                0x00000c7a                HAL_GPIORead
 .text.HAL_SetPWM
                0x00000cf6       0x3c Drivers/udccd_hal.o
                0x00000cf6                HAL_SetPWM
 .text.HAL_SetPWM16b
                0x00000d32       0x40 Drivers/udccd_hal.o
                0x00000d32                HAL_SetPWM16b
 .text.HAL_SetLEDs
                0x00000d72       0x18 Drivers/udccd_hal.o
                0x00000d72                HAL_SetLEDs
 .text.HAL_EnableDCCDch
                0x00000d8a        0x8 Drivers/udccd_hal.o
                0x00000d8a                HAL_EnableDCCDch
 .text.GatherData
                0x00000d92       0x78 main.o
                0x00000d92                GatherData
 .text.ProcessUpDownButtons
                0x00000e0a       0x52 main.o
                0x00000e0a                ProcessUpDownButtons
 .text.ProcessMode
                0x00000e5c       0x2e main.o
                0x00000e5c                ProcessMode
 .text.GetNextTargetForce
                0x00000e8a       0x34 main.o
                0x00000e8a                GetNextTargetForce
 .text.ForceToCurrent
                0x00000ebe       0xd0 main.o
                0x00000ebe                ForceToCurrent
 .text.main     0x00000f8e       0x94 main.o
                0x00000f8e                main
 .text.libgcc.mul
                0x00001022       0x32 c:/program files (x86)/atmel/studio/7.0/toolchain/avr8/avr8-gnu-toolchain/bin/../lib/gcc/avr/5.4.0/avr25\libgcc.a(_mulsi3.o)
                0x00001022                __mulsi3
                0x00001026                __mulsi3_helper
 .text.libgcc.div
                0x00001054       0x28 c:/program files (x86)/atmel/studio/7.0/toolchain/avr8/avr8-gnu-toolchain/bin/../lib/gcc/avr/5.4.0/avr25\libgcc.a(_udivmodhi4.o)
                0x00001054                __udivmodhi4
 .text.libgcc.div
                0x0000107c       0x44 c:/program files (x86)/atmel/studio/7.0/toolchain/avr8/avr8-gnu-toolchain/bin/../lib/gcc/avr/5.4.0/avr25\libgcc.a(_udivmodsi4.o)
                0x0000107c                __udivmodsi4
 .text.libgcc.div
                0x000010c0       0x28 c:/program files (x86)/atmel/studio/7.0/toolchain/avr8/avr8-gnu-toolchain/bin/../lib/gcc/avr/5.4.0/avr25\libgcc.a(_divmodsi4.o)
                0x000010c0                __divmodsi4
 .text.libgcc.div
                0x000010e8       0x10 c:/program files (x86)/atmel/studio/7.0/toolchain/avr8/avr8-gnu-toolchain/bin/../lib/gcc/avr/5.4.0/avr25\libgcc.a(_negsi2.o)
                0x000010e8                __negsi2
                0x000010f8                . = ALIGN (0x2)
 *(.fini9)
 .fini9         0x000010f8        0x0 c:/program files (x86)/atmel/studio/7.0/toolchain/avr8/avr8-gnu-toolchain/bin/../lib/gcc/avr/5.4.0/avr25\libgcc.a(_exit.o)
                0x000010f8                _exit
                0x000010f8                exit
 *(.fini9)
 *(.fini8)
 *(.fini8)
 *(.fini7)
 *(.fini7)
 *(.fini6)
 *(.fini6)
 *(.fini5)
 *(.fini5)
 *(.fini4)
 *(.fini4)
 *(.fini3)
 *(.fini3)
 *(.fini2)
 *(.fini2)
 *(.fini1)
 *(.fini1)
 *(.fini0)
 .fini0         0x000010f8        0x4 c:/program files (x86)/atmel/studio/7.0/toolchain/avr8/avr8-gnu-toolchain/bin/../lib/gcc/avr/5.4.0/avr25\libgcc.a(_exit.o)
 *(.fini0)
                0x000010fc                _etext = .

.data           0x00800100        0x0 load address 0x000010fc
                [!provide]                PROVIDE (__data_start, .)
 *(.data)
 *(.data*)
 *(.gnu.linkonce.d*)
 *(.rodata)
 *(.rodata*)
 *(.gnu.linkonce.r*)
                0x00800100                . = ALIGN (0x2)
                0x00800100                _edata = .
                [!provide]                PROVIDE (__data_end, .)

.bss            0x00800100       0x6a
                0x00800100                PROVIDE (__bss_start, .)
 *(.bss)
 *(.bss*)
 .bss.fault_timer.1732
                0x00800100        0x2 Drivers/coil_driver.o
 .bss.warnings  0x00800102        0x5 Drivers/coil_driver.o
 .bss.measurements
                0x00800107        0x6 Drivers/coil_driver.o
 .bss.pidData   0x0080010d       0x16 Drivers/coil_driver.o
 .bss.target_current
                0x00800123        0x2 Drivers/coil_driver.o
 .bss.set_voltage
                0x00800125        0x2 Drivers/coil_driver.o
 .bss.set_image
                0x00800127        0x1 Drivers/display_driver.o
 .bss.measurments
                0x00800128        0xc Drivers/inputs_driver.o
 .bss.modesw    0x00800134        0x5 Drivers/inputs_driver.o
 .bss.dnsw      0x00800139        0x5 Drivers/inputs_driver.o
 .bss.upsw      0x0080013e        0x5 Drivers/inputs_driver.o
 .bss.hbrake    0x00800143        0x5 Drivers/inputs_driver.o
 .bss.brake     0x00800148        0x5 Drivers/inputs_driver.o
 .bss.dimm      0x0080014d        0x5 Drivers/inputs_driver.o
 .bss.init_done.1670
                0x00800152        0x1 Drivers/udccd_hal.o
 .bss.init_done.1666
                0x00800153        0x1 Drivers/udccd_hal.o
 .bss.dccd_en   0x00800154        0x1 Drivers/udccd_hal.o
 .bss.dnsw_mode
                0x00800155        0x1 Drivers/udccd_hal.o
 .bss.upsw_mode
                0x00800156        0x1 Drivers/udccd_hal.o
 .bss.set_current
                0x00800157        0x2 main.o
                0x00800157                set_current
 .bss.brakes_mode
                0x00800159        0x1 main.o
                0x00800159                brakes_mode
 .bss.user_force
                0x0080015a        0x1 main.o
                0x0080015a                user_force
 .bss.set_force
                0x0080015b        0x1 main.o
                0x0080015b                set_force
 .bss.mode_act  0x0080015c        0x1 main.o
                0x0080015c                mode_act
 .bss.dnsw_act  0x0080015d        0x1 main.o
                0x0080015d                dnsw_act
 .bss.upsw_act  0x0080015e        0x1 main.o
                0x0080015e                upsw_act
 .bss.dimm_act  0x0080015f        0x1 main.o
                0x0080015f                dimm_act
 .bss.brakes_act
                0x00800160        0x1 main.o
                0x00800160                brakes_act
 .bss.hbrake_act
                0x00800161        0x1 main.o
                0x00800161                hbrake_act
 .bss.pot       0x00800162        0x2 main.o
                0x00800162                pot
 .bss.dccd_i    0x00800164        0x2 main.o
                0x00800164                dccd_i
 .bss.dccd_u    0x00800166        0x2 main.o
                0x00800166                dccd_u
 .bss.supply_u  0x00800168        0x2 main.o
                0x00800168                supply_u
 *(COMMON)
                0x0080016a                PROVIDE (__bss_end, .)
                0x000010fc                __data_load_start = LOADADDR (.data)
                0x000010fc                __data_load_end = (__data_load_start + SIZEOF (.data))

.noinit         0x0080016a        0x0
                [!provide]                PROVIDE (__noinit_start, .)
 *(.noinit*)
                [!provide]                PROVIDE (__noinit_end, .)
                0x0080016a                _end = .
                [!provide]                PROVIDE (__heap_start, .)

.eeprom         0x00810000        0x0
 *(.eeprom*)
                0x00810000                __eeprom_end = .

.fuse
 *(.fuse)
 *(.lfuse)
 *(.hfuse)
 *(.efuse)

.lock
 *(.lock*)

.signature
 *(.signature*)

.user_signatures
 *(.user_signatures*)

.stab
 *(.stab)

.stabstr
 *(.stabstr)

.stab.excl
 *(.stab.excl)

.stab.exclstr
 *(.stab.exclstr)

.stab.index
 *(.stab.index)

.stab.indexstr
 *(.stab.indexstr)

.comment        0x00000000       0x30
 *(.comment)
 .comment       0x00000000       0x30 Drivers/coil_driver.o
                                 0x31 (size before relaxing)
 .comment       0x00000030       0x31 Drivers/display_driver.o
 .comment       0x00000030       0x31 Drivers/inputs_driver.o
 .comment       0x00000030       0x31 Drivers/udccd_hal.o
 .comment       0x00000030       0x31 main.o

.note.gnu.avr.deviceinfo
                0x00000000       0x3c
 .note.gnu.avr.deviceinfo
                0x00000000       0x3c C:/Program Files (x86)/Atmel/Studio/7.0/Packs/atmel/ATtiny_DFP/1.8.332/gcc/dev/attiny88/avr25/crtattiny88.o

.note.gnu.build-id
 *(.note.gnu.build-id)

.debug
 *(.debug)

.line
 *(.line)

.debug_srcinfo
 *(.debug_srcinfo)

.debug_sfnames
 *(.debug_sfnames)

.debug_aranges  0x00000000      0x220
 *(.debug_aranges)
 .debug_aranges
                0x00000000       0x78 Drivers/coil_driver.o
 .debug_aranges
                0x00000078       0x40 Drivers/display_driver.o
 .debug_aranges
                0x000000b8       0x60 Drivers/inputs_driver.o
 .debug_aranges
                0x00000118       0xc0 Drivers/udccd_hal.o
 .debug_aranges
                0x000001d8       0x48 main.o

.debug_pubnames
 *(.debug_pubnames)

.debug_info     0x00000000     0x20c7
 *(.debug_info .gnu.linkonce.wi.*)
 .debug_info    0x00000000      0x576 C:/Program Files (x86)/Atmel/Studio/7.0/Packs/atmel/ATtiny_DFP/1.8.332/gcc/dev/attiny88/avr25/crtattiny88.o
 .debug_info    0x00000576      0x84d Drivers/coil_driver.o
 .debug_info    0x00000dc3      0x1c4 Drivers/display_driver.o
 .debug_info    0x00000f87      0x62e Drivers/inputs_driver.o
 .debug_info    0x000015b5      0x4fb Drivers/udccd_hal.o
 .debug_info    0x00001ab0      0x617 main.o

.debug_abbrev   0x00000000      0xd5d
 *(.debug_abbrev)
 .debug_abbrev  0x00000000      0x52b C:/Program Files (x86)/Atmel/Studio/7.0/Packs/atmel/ATtiny_DFP/1.8.332/gcc/dev/attiny88/avr25/crtattiny88.o
 .debug_abbrev  0x0000052b      0x230 Drivers/coil_driver.o
 .debug_abbrev  0x0000075b       0xdf Drivers/display_driver.o
 .debug_abbrev  0x0000083a      0x1ac Drivers/inputs_driver.o
 .debug_abbrev  0x000009e6      0x1ef Drivers/udccd_hal.o
 .debug_abbrev  0x00000bd5      0x188 main.o

.debug_line     0x00000000     0x159c
 *(.debug_line .debug_line.* .debug_line_end)
 .debug_line    0x00000000      0x110 C:/Program Files (x86)/Atmel/Studio/7.0/Packs/atmel/ATtiny_DFP/1.8.332/gcc/dev/attiny88/avr25/crtattiny88.o
 .debug_line    0x00000110      0x4df Drivers/coil_driver.o
 .debug_line    0x000005ef      0x228 Drivers/display_driver.o
 .debug_line    0x00000817      0x442 Drivers/inputs_driver.o
 .debug_line    0x00000c59      0x5f6 Drivers/udccd_hal.o
 .debug_line    0x0000124f      0x34d main.o

.debug_frame    0x00000000      0x4e8
 *(.debug_frame)
 .debug_frame   0x00000000      0x190 Drivers/coil_driver.o
 .debug_frame   0x00000190       0x64 Drivers/display_driver.o
 .debug_frame   0x000001f4       0xc8 Drivers/inputs_driver.o
 .debug_frame   0x000002bc      0x174 Drivers/udccd_hal.o
 .debug_frame   0x00000430       0xb8 main.o

.debug_str      0x00000000      0xa8e
 *(.debug_str)
 .debug_str     0x00000000      0x1d9 C:/Program Files (x86)/Atmel/Studio/7.0/Packs/atmel/ATtiny_DFP/1.8.332/gcc/dev/attiny88/avr25/crtattiny88.o
 .debug_str     0x000001d9      0x3c9 Drivers/coil_driver.o
                                0x41b (size before relaxing)
 .debug_str     0x000005a2       0x9f Drivers/display_driver.o
                                0x20b (size before relaxing)
 .debug_str     0x00000641      0x232 Drivers/inputs_driver.o
                                0x3a4 (size before relaxing)
 .debug_str     0x00000873      0x118 Drivers/udccd_hal.o
                                0x328 (size before relaxing)
 .debug_str     0x0000098b      0x103 main.o
                                0x3f8 (size before relaxing)

.debug_loc      0x00000000     0x1a61
 *(.debug_loc)
 .debug_loc     0x00000000      0x9fe Drivers/coil_driver.o
 .debug_loc     0x000009fe      0x2b0 Drivers/display_driver.o
 .debug_loc     0x00000cae      0x43f Drivers/inputs_driver.o
 .debug_loc     0x000010ed      0x6d8 Drivers/udccd_hal.o
 .debug_loc     0x000017c5      0x29c main.o

.debug_macinfo
 *(.debug_macinfo)

.debug_weaknames
 *(.debug_weaknames)

.debug_funcnames
 *(.debug_funcnames)

.debug_typenames
 *(.debug_typenames)

.debug_varnames
 *(.debug_varnames)

.debug_pubtypes
 *(.debug_pubtypes)

.debug_ranges   0x00000000      0x248
 *(.debug_ranges)
 .debug_ranges  0x00000000       0xe0 Drivers/coil_driver.o
 .debug_ranges  0x000000e0       0x30 Drivers/display_driver.o
 .debug_ranges  0x00000110       0x50 Drivers/inputs_driver.o
 .debug_ranges  0x00000160       0xb0 Drivers/udccd_hal.o
 .debug_ranges  0x00000210       0x38 main.o

.debug_macro
 *(.debug_macro)
OUTPUT(uDCCD_Controller.elf elf32-avr)
LOAD linker stubs
